GLIBC_2.2.5 {
    global:
        pthread_create;
        pthread_join;
        pthread_exit;
        pthread_self;
        pthread_equal;
        pthread_detach;
        pthread_mutex_init;
        pthread_mutex_destroy;
        pthread_mutex_trylock;
        pthread_mutex_lock;
        pthread_mutex_unlock;
        pthread_cond_init;
        pthread_cond_destroy;
        pthread_cond_wait;
        pthread_cond_timedwait;
        pthread_cond_signal;
        pthread_cond_broadcast;
        pthread_once;
        pthread_rwlock_init;
        pthread_rwlock_destroy;
        pthread_rwlock_rdlock;
        pthread_rwlock_wrlock;
        pthread_rwlock_tryrdlock;
        pthread_rwlock_trywrlock;
        pthread_rwlock_unlock;
        pthread_spin_init;
        pthread_spin_destroy;
        pthread_spin_trylock;
        pthread_spin_lock;
        pthread_spin_unlock;
        pthread_attr_init;
        pthread_attr_destroy;
        pthread_attr_setdetachstate;
        pthread_attr_setstacksize;
        pthread_setname_np;
    local:
        *;
};
